Job ID: 7141611
Array Task ID: 60
Node: slurm-compute-h24b8-u9-svn2
Start: Sun Jun 14 15:55:26 +01 2026
Running config:
{
  "config_id": "C060",
  "mi_k": 500,
  "reduction": "svd",
  "n_components": 75,
  "w_mg": 0.7,
  "model": "rf_strong"
}
X: (105, 3059)
Y: (105, 30)
MG features: 3039
Soil features: 20
Saved: /home/taha.mahir/Multiomicd-data-integration-/10_analysis/outputs/phase37_pro_full_pipeline_tuning/C060_metrics.csv
Mean R2: 0.2930523344963446
Median R2: 0.2657724184153267
End: Sun Jun 14 16:10:46 +01 2026
