Job ID: 7141575
Array Task ID: 24
Node: slurm-compute-h24b8-u7-svn4
Start: Sun Jun 14 15:55:06 +01 2026
Running config:
{
  "config_id": "C024",
  "mi_k": 800,
  "reduction": "sparsepca",
  "n_components": 100,
  "w_mg": 0.6,
  "model": "rf_strong"
}
X: (105, 3059)
Y: (105, 30)
MG features: 3039
Soil features: 20
Saved: /home/taha.mahir/Multiomicd-data-integration-/10_analysis/outputs/phase37_pro_full_pipeline_tuning/C024_metrics.csv
Mean R2: 0.3866302566760917
Median R2: 0.35219709653552117
End: Sun Jun 14 17:59:03 +01 2026
