Job ID: 7141581
Array Task ID: 30
Node: slurm-compute-h21a8-u30-svn1
Start: Sun Jun 14 15:55:06 +01 2026
Running config:
{
  "config_id": "C030",
  "mi_k": 1000,
  "reduction": "sparsepca",
  "n_components": 75,
  "w_mg": 0.6,
  "model": "rf_strong"
}
X: (105, 3059)
Y: (105, 30)
MG features: 3039
Soil features: 20
Saved: /home/taha.mahir/Multiomicd-data-integration-/10_analysis/outputs/phase37_pro_full_pipeline_tuning/C030_metrics.csv
Mean R2: 0.38501452242684636
Median R2: 0.3473015345935971
End: Sun Jun 14 18:32:20 +01 2026
