Job ID: 7141553
Array Task ID: 2
Node: slurm-compute-h21a5-u5-svn2
Start: Sun Jun 14 15:55:06 +01 2026
Running config:
{
  "config_id": "C002",
  "mi_k": 300,
  "reduction": "sparsepca",
  "n_components": 50,
  "w_mg": 0.8,
  "model": "rf_strong"
}
X: (105, 3059)
Y: (105, 30)
MG features: 3039
Soil features: 20
Saved: /home/taha.mahir/Multiomicd-data-integration-/10_analysis/outputs/phase37_pro_full_pipeline_tuning/C002_metrics.csv
Mean R2: 0.38716825438403213
Median R2: 0.3559991585734943
End: Sun Jun 14 16:31:49 +01 2026
