Job ID: 7141609
Array Task ID: 58
Node: slurm-compute-h23c8-u11-svn2
Start: Sun Jun 14 15:55:26 +01 2026
Running config:
{
  "config_id": "C058",
  "mi_k": 800,
  "reduction": "sparsepca",
  "n_components": 75,
  "w_mg": 0.7,
  "model": "xgb_light"
}
X: (105, 3059)
Y: (105, 30)
MG features: 3039
Soil features: 20
Saved: /home/taha.mahir/Multiomicd-data-integration-/10_analysis/outputs/phase37_pro_full_pipeline_tuning/C058_metrics.csv
Mean R2: 0.3643338361348048
Median R2: 0.3401124107237247
End: Sun Jun 14 17:53:03 +01 2026
