Job ID: 7141607
Array Task ID: 56
Node: slurm-compute-h23c8-u10-svn1
Start: Sun Jun 14 15:55:24 +01 2026
Running config:
{
  "config_id": "C056",
  "mi_k": 800,
  "reduction": "sparsepca",
  "n_components": 50,
  "w_mg": 0.7,
  "model": "xgb_light"
}
X: (105, 3059)
Y: (105, 30)
MG features: 3039
Soil features: 20
Saved: /home/taha.mahir/Multiomicd-data-integration-/10_analysis/outputs/phase37_pro_full_pipeline_tuning/C056_metrics.csv
Mean R2: 0.3666148643639472
Median R2: 0.3473568831241429
End: Sun Jun 14 17:39:51 +01 2026
