Job ID: 7141561
Array Task ID: 10
Node: slurm-compute-h23b5-u30-svn3
Start: Sun Jun 14 15:55:07 +01 2026
Running config:
{
  "config_id": "C010",
  "mi_k": 500,
  "reduction": "sparsepca",
  "n_components": 50,
  "w_mg": 0.7,
  "model": "rf_strong"
}
X: (105, 3059)
Y: (105, 30)
MG features: 3039
Soil features: 20
Saved: /home/taha.mahir/Multiomicd-data-integration-/10_analysis/outputs/phase37_pro_full_pipeline_tuning/C010_metrics.csv
Mean R2: 0.3871882829412512
Median R2: 0.35382740601215995
End: Sun Jun 14 17:27:05 +01 2026
