Job ID: 7140798
Array Task ID: 19
Node: slurm-compute-h22d5-u13-svn4
Start: Sun Jun 14 14:35:54 +01 2026
================================================================================
Task ID: 19
Metabolite: C18_positive|IK:MBIZFBDREVRUHY-UHFFFAOYSA-N
Model: ELASTIC
X shape: (105, 3059)
================================================================================
Fitting 10 folds for each of 30 candidates, totalling 300 fits
Done:
{
  "metabolite": "C18_positive|IK:MBIZFBDREVRUHY-UHFFFAOYSA-N",
  "model_code": "ELASTIC",
  "best_cv_r2": 0.1674350895072983,
  "best_params": "{\"model__alpha\": 1.0, \"model__l1_ratio\": 0.9}",
  "r2_train_refit": 0.553359488189431,
  "rmse_train_refit": 3.9179137963986634,
  "mae_train_refit": 3.3655861254930275,
  "n_samples": 105,
  "n_features": 3059
}
End: Sun Jun 14 14:38:14 +01 2026
