Job ID: 7141572
Array Task ID: 21
Node: slurm-compute-h24b8-u7-svn2
Start: Sun Jun 14 15:55:06 +01 2026
Running config:
{
  "config_id": "C021",
  "mi_k": 800,
  "reduction": "sparsepca",
  "n_components": 75,
  "w_mg": 0.6,
  "model": "rf_strong"
}
X: (105, 3059)
Y: (105, 30)
MG features: 3039
Soil features: 20
Saved: /home/taha.mahir/Multiomicd-data-integration-/10_analysis/outputs/phase37_pro_full_pipeline_tuning/C021_metrics.csv
Mean R2: 0.3851558375594869
Median R2: 0.34629046733942614
End: Sun Jun 14 18:05:48 +01 2026
