Job ID: 7140803
Array Task ID: 24
Node: slurm-compute-h22d5-u14-svn1
Start: Sun Jun 14 14:35:53 +01 2026
================================================================================
Task ID: 24
Metabolite: C18_positive|IK:WCGUUGGRBIKTOS-UHFFFAOYSA-N
Model: RF
X shape: (105, 3059)
================================================================================
Fitting 10 folds for each of 72 candidates, totalling 720 fits
Done:
{
  "metabolite": "C18_positive|IK:WCGUUGGRBIKTOS-UHFFFAOYSA-N",
  "model_code": "RF",
  "best_cv_r2": 0.27144134096986094,
  "best_params": "{\"model__max_depth\": 20, \"model__max_features\": 0.5, \"model__min_samples_leaf\": 5, \"model__n_estimators\": 800}",
  "r2_train_refit": 0.7569950565501598,
  "rmse_train_refit": 3.1631803935804688,
  "mae_train_refit": 2.4165558889177046,
  "n_samples": 105,
  "n_features": 3059
}
End: Sun Jun 14 14:43:51 +01 2026
