Job ID: 7140801
Array Task ID: 22
Node: slurm-compute-h22d5-u13-svn4
Start: Sun Jun 14 14:35:54 +01 2026
================================================================================
Task ID: 22
Metabolite: C18_positive|IK:OYTCZOJKXCTBHG-UHFFFAOYSA-N
Model: RF
X shape: (105, 3059)
================================================================================
Fitting 10 folds for each of 72 candidates, totalling 720 fits
Done:
{
  "metabolite": "C18_positive|IK:OYTCZOJKXCTBHG-UHFFFAOYSA-N",
  "model_code": "RF",
  "best_cv_r2": 0.3778037154496884,
  "best_params": "{\"model__max_depth\": 10, \"model__max_features\": 0.5, \"model__min_samples_leaf\": 2, \"model__n_estimators\": 300}",
  "r2_train_refit": 0.9029960547038921,
  "rmse_train_refit": 1.538337962536801,
  "mae_train_refit": 1.033248820349799,
  "n_samples": 105,
  "n_features": 3059
}
End: Sun Jun 14 14:40:49 +01 2026
