Job ID: 7140780
Array Task ID: 1
Node: slurm-compute-h21a8-u4-svn3
Start: Sun Jun 14 14:35:53 +01 2026
================================================================================
Task ID: 1
Metabolite: C18_negative|IK:BJRNKVDFDLYUGJ-RMPHRYRLSA-N
Model: RF
X shape: (105, 3059)
================================================================================
Fitting 10 folds for each of 72 candidates, totalling 720 fits
Done:
{
  "metabolite": "C18_negative|IK:BJRNKVDFDLYUGJ-RMPHRYRLSA-N",
  "model_code": "RF",
  "best_cv_r2": 0.2881012079347983,
  "best_params": "{\"model__max_depth\": null, \"model__max_features\": \"sqrt\", \"model__min_samples_leaf\": 5, \"model__n_estimators\": 500}",
  "r2_train_refit": 0.7092352102064822,
  "rmse_train_refit": 3.2722966813605283,
  "mae_train_refit": 2.707696856315171,
  "n_samples": 105,
  "n_features": 3059
}
End: Sun Jun 14 14:42:39 +01 2026
