Job ID: 7141595
Array Task ID: 44
Node: slurm-compute-h21d5-u11-svn2
Start: Sun Jun 14 15:55:06 +01 2026
Running config:
{
  "config_id": "C044",
  "mi_k": 500,
  "reduction": "sparsepca",
  "n_components": 75,
  "w_mg": 0.7,
  "model": "et_strong"
}
X: (105, 3059)
Y: (105, 30)
MG features: 3039
Soil features: 20
Saved: /home/taha.mahir/Multiomicd-data-integration-/10_analysis/outputs/phase37_pro_full_pipeline_tuning/C044_metrics.csv
Mean R2: 0.3883537682061267
Median R2: 0.35692920764875974
End: Sun Jun 14 17:18:20 +01 2026
