Job ID: 7140807
Array Task ID: 28
Node: slurm-compute-h22d5-u14-svn3
Start: Sun Jun 14 14:35:53 +01 2026
================================================================================
Task ID: 28
Metabolite: HILICZ_positive|IK:OYTCZOJKXCTBHG-UHFFFAOYSA-N
Model: RF
X shape: (105, 3059)
================================================================================
Fitting 10 folds for each of 72 candidates, totalling 720 fits
Done:
{
  "metabolite": "HILICZ_positive|IK:OYTCZOJKXCTBHG-UHFFFAOYSA-N",
  "model_code": "RF",
  "best_cv_r2": 0.41476037141239896,
  "best_params": "{\"model__max_depth\": 20, \"model__max_features\": 0.5, \"model__min_samples_leaf\": 2, \"model__n_estimators\": 300}",
  "r2_train_refit": 0.893884441432059,
  "rmse_train_refit": 2.132043925994862,
  "mae_train_refit": 1.4349887912654287,
  "n_samples": 105,
  "n_features": 3059
}
End: Sun Jun 14 14:41:20 +01 2026
