Job ID: 7141597
Array Task ID: 46
Node: slurm-compute-h21d5-u12-svn1
Start: Sun Jun 14 15:55:23 +01 2026
Running config:
{
  "config_id": "C046",
  "mi_k": 500,
  "reduction": "sparsepca",
  "n_components": 100,
  "w_mg": 0.7,
  "model": "et_strong"
}
X: (105, 3059)
Y: (105, 30)
MG features: 3039
Soil features: 20
Saved: /home/taha.mahir/Multiomicd-data-integration-/10_analysis/outputs/phase37_pro_full_pipeline_tuning/C046_metrics.csv
Mean R2: 0.3857361579178548
Median R2: 0.3502046650883545
End: Sun Jun 14 17:22:26 +01 2026
