Job ID: 7141601
Array Task ID: 50
Node: slurm-compute-h23c8-u7-svn2
Start: Sun Jun 14 15:55:25 +01 2026
Running config:
{
  "config_id": "C050",
  "mi_k": 800,
  "reduction": "sparsepca",
  "n_components": 100,
  "w_mg": 0.7,
  "model": "et_strong"
}
X: (105, 3059)
Y: (105, 30)
MG features: 3039
Soil features: 20
Saved: /home/taha.mahir/Multiomicd-data-integration-/10_analysis/outputs/phase37_pro_full_pipeline_tuning/C050_metrics.csv
Mean R2: 0.3848422830970452
Median R2: 0.3453177130044416
End: Sun Jun 14 17:52:16 +01 2026
