Job ID: 7140784
Array Task ID: 5
Node: slurm-compute-h22b8-u36-svn3
Start: Sun Jun 14 14:35:53 +01 2026
================================================================================
Task ID: 5
Metabolite: C18_negative|IK:GYUCMTKUEQLBJW-UHFFFAOYSA-N
Model: ELASTIC
X shape: (105, 3059)
================================================================================
Fitting 10 folds for each of 30 candidates, totalling 300 fits
Done:
{
  "metabolite": "C18_negative|IK:GYUCMTKUEQLBJW-UHFFFAOYSA-N",
  "model_code": "ELASTIC",
  "best_cv_r2": 0.3774682746838468,
  "best_params": "{\"model__alpha\": 1.0, \"model__l1_ratio\": 0.7}",
  "r2_train_refit": 0.6149898887900161,
  "rmse_train_refit": 2.9873572460609195,
  "mae_train_refit": 2.21721404217028,
  "n_samples": 105,
  "n_features": 3059
}
End: Sun Jun 14 14:37:48 +01 2026
