Job ID: 7140795
Array Task ID: 16
Node: slurm-compute-h24c5-u30-svn3
Start: Sun Jun 14 14:35:53 +01 2026
================================================================================
Task ID: 16
Metabolite: C18_positive|IK:IBMRTYCHDPMBFN-UHFFFAOYSA-N
Model: RF
X shape: (105, 3059)
================================================================================
Fitting 10 folds for each of 72 candidates, totalling 720 fits
Done:
{
  "metabolite": "C18_positive|IK:IBMRTYCHDPMBFN-UHFFFAOYSA-N",
  "model_code": "RF",
  "best_cv_r2": 0.2825738355791132,
  "best_params": "{\"model__max_depth\": null, \"model__max_features\": 0.5, \"model__min_samples_leaf\": 5, \"model__n_estimators\": 800}",
  "r2_train_refit": 0.7574533157578032,
  "rmse_train_refit": 2.793549172640601,
  "mae_train_refit": 2.1061343243922592,
  "n_samples": 105,
  "n_features": 3059
}
End: Sun Jun 14 14:41:19 +01 2026
