Job ID: 7141592
Array Task ID: 41
Node: slurm-compute-h21d5-u9-svn4
Start: Sun Jun 14 15:55:06 +01 2026
Running config:
{
  "config_id": "C041",
  "mi_k": 800,
  "reduction": "sparsepca",
  "n_components": 75,
  "w_mg": 0.8,
  "model": "rf_regularized"
}
X: (105, 3059)
Y: (105, 30)
MG features: 3039
Soil features: 20
Saved: /home/taha.mahir/Multiomicd-data-integration-/10_analysis/outputs/phase37_pro_full_pipeline_tuning/C041_metrics.csv
Mean R2: 0.3799084865748349
Median R2: 0.351282162268026
End: Sun Jun 14 17:56:33 +01 2026
