Job ID: 7141612
Array Task ID: 61
Node: slurm-compute-h24b8-u9-svn4
Start: Sun Jun 14 15:55:25 +01 2026
Running config:
{
  "config_id": "C061",
  "mi_k": 500,
  "reduction": "svd",
  "n_components": 100,
  "w_mg": 0.7,
  "model": "rf_strong"
}
X: (105, 3059)
Y: (105, 30)
MG features: 3039
Soil features: 20
Saved: /home/taha.mahir/Multiomicd-data-integration-/10_analysis/outputs/phase37_pro_full_pipeline_tuning/C061_metrics.csv
Mean R2: 0.2858061656771444
Median R2: 0.2596802331704474
End: Sun Jun 14 16:10:41 +01 2026
