Job ID: 7141558
Array Task ID: 7
Node: slurm-compute-h23b5-u30-svn1
Start: Sun Jun 14 15:55:06 +01 2026
Running config:
{
  "config_id": "C007",
  "mi_k": 300,
  "reduction": "sparsepca",
  "n_components": 100,
  "w_mg": 0.7,
  "model": "rf_strong"
}
X: (105, 3059)
Y: (105, 30)
MG features: 3039
Soil features: 20
Saved: /home/taha.mahir/Multiomicd-data-integration-/10_analysis/outputs/phase37_pro_full_pipeline_tuning/C007_metrics.csv
Mean R2: 0.3881866887646279
Median R2: 0.35320282999648234
End: Sun Jun 14 16:53:45 +01 2026
