Job ID: 7141583
Array Task ID: 32
Node: slurm-compute-h21a8-u31-svn2
Start: Sun Jun 14 15:55:06 +01 2026
Running config:
{
  "config_id": "C032",
  "mi_k": 1000,
  "reduction": "sparsepca",
  "n_components": 75,
  "w_mg": 0.8,
  "model": "rf_strong"
}
X: (105, 3059)
Y: (105, 30)
MG features: 3039
Soil features: 20
Saved: /home/taha.mahir/Multiomicd-data-integration-/10_analysis/outputs/phase37_pro_full_pipeline_tuning/C032_metrics.csv
Mean R2: 0.3817804310979388
Median R2: 0.35057113467940404
End: Sun Jun 14 18:32:00 +01 2026
