Job ID: 7141573
Array Task ID: 22
Node: slurm-compute-h24b8-u7-svn4
Start: Sun Jun 14 15:55:06 +01 2026
Running config:
{
  "config_id": "C022",
  "mi_k": 800,
  "reduction": "sparsepca",
  "n_components": 75,
  "w_mg": 0.7,
  "model": "rf_strong"
}
X: (105, 3059)
Y: (105, 30)
MG features: 3039
Soil features: 20
Saved: /home/taha.mahir/Multiomicd-data-integration-/10_analysis/outputs/phase37_pro_full_pipeline_tuning/C022_metrics.csv
Mean R2: 0.38524377051274766
Median R2: 0.34899699811279905
End: Sun Jun 14 18:05:22 +01 2026
