Job ID: 7140789
Array Task ID: 10
Node: slurm-compute-h21a5-u8-svn3
Start: Sun Jun 14 14:35:52 +01 2026
================================================================================
Task ID: 10
Metabolite: C18_negative|IK:RGHHSNMVTDWUBI-UHFFFAOYSA-N
Model: ET
X shape: (105, 3059)
================================================================================
Fitting 10 folds for each of 72 candidates, totalling 720 fits
Done:
{
  "metabolite": "C18_negative|IK:RGHHSNMVTDWUBI-UHFFFAOYSA-N",
  "model_code": "ET",
  "best_cv_r2": 0.6330316388101537,
  "best_params": "{\"model__max_depth\": null, \"model__max_features\": \"sqrt\", \"model__min_samples_leaf\": 5, \"model__n_estimators\": 500}",
  "r2_train_refit": 0.8450577482376889,
  "rmse_train_refit": 2.5808308484520497,
  "mae_train_refit": 1.6449731231558335,
  "n_samples": 105,
  "n_features": 3059
}
End: Sun Jun 14 14:40:39 +01 2026
