Job ID: 7141600
Array Task ID: 49
Node: slurm-compute-h23c8-u6-svn3
Start: Sun Jun 14 15:55:25 +01 2026
Running config:
{
  "config_id": "C049",
  "mi_k": 800,
  "reduction": "sparsepca",
  "n_components": 75,
  "w_mg": 0.7,
  "model": "et_regularized"
}
X: (105, 3059)
Y: (105, 30)
MG features: 3039
Soil features: 20
Saved: /home/taha.mahir/Multiomicd-data-integration-/10_analysis/outputs/phase37_pro_full_pipeline_tuning/C049_metrics.csv
Mean R2: 0.38300251161967724
Median R2: 0.35160536850412827
End: Sun Jun 14 17:56:18 +01 2026
