Job ID: 7141587
Array Task ID: 36
Node: slurm-compute-h21d5-u7-svn2
Start: Sun Jun 14 15:55:06 +01 2026
Running config:
{
  "config_id": "C036",
  "mi_k": 500,
  "reduction": "sparsepca",
  "n_components": 75,
  "w_mg": 0.7,
  "model": "rf_regularized"
}
X: (105, 3059)
Y: (105, 30)
MG features: 3039
Soil features: 20
Saved: /home/taha.mahir/Multiomicd-data-integration-/10_analysis/outputs/phase37_pro_full_pipeline_tuning/C036_metrics.csv
Mean R2: 0.3926125895014765
Median R2: 0.36286851509101514
End: Sun Jun 14 17:19:12 +01 2026
