Job ID: 7141585
Array Task ID: 34
Node: slurm-compute-h21a8-u32-svn1
Start: Sun Jun 14 15:55:06 +01 2026
Running config:
{
  "config_id": "C034",
  "mi_k": 1000,
  "reduction": "sparsepca",
  "n_components": 100,
  "w_mg": 0.7,
  "model": "rf_strong"
}
X: (105, 3059)
Y: (105, 30)
MG features: 3039
Soil features: 20
Saved: /home/taha.mahir/Multiomicd-data-integration-/10_analysis/outputs/phase37_pro_full_pipeline_tuning/C034_metrics.csv
Mean R2: 0.38725768102941865
Median R2: 0.35577729554131465
End: Sun Jun 14 18:21:20 +01 2026
