Job ID: 7141602
Array Task ID: 51
Node: slurm-compute-h23c8-u7-svn4
Start: Sun Jun 14 15:55:26 +01 2026
Running config:
{
  "config_id": "C051",
  "mi_k": 800,
  "reduction": "sparsepca",
  "n_components": 100,
  "w_mg": 0.7,
  "model": "et_regularized"
}
X: (105, 3059)
Y: (105, 30)
MG features: 3039
Soil features: 20
Saved: /home/taha.mahir/Multiomicd-data-integration-/10_analysis/outputs/phase37_pro_full_pipeline_tuning/C051_metrics.csv
Mean R2: 0.3862170114301103
Median R2: 0.35305574089008895
End: Sun Jun 14 17:51:54 +01 2026
