Job ID: 7140786
Array Task ID: 7
Node: slurm-compute-h21d5-u14-svn3
Start: Sun Jun 14 14:35:52 +01 2026
================================================================================
Task ID: 7
Metabolite: C18_negative|IK:LTSJJOKAWSCMBC-UHFFFAOYSA-N
Model: RF
X shape: (105, 3059)
================================================================================
Fitting 10 folds for each of 72 candidates, totalling 720 fits
Done:
{
  "metabolite": "C18_negative|IK:LTSJJOKAWSCMBC-UHFFFAOYSA-N",
  "model_code": "RF",
  "best_cv_r2": 0.38172101086614124,
  "best_params": "{\"model__max_depth\": null, \"model__max_features\": 0.5, \"model__min_samples_leaf\": 1, \"model__n_estimators\": 500}",
  "r2_train_refit": 0.9183208630382308,
  "rmse_train_refit": 1.5342119506718992,
  "mae_train_refit": 1.1245640513110728,
  "n_samples": 105,
  "n_features": 3059
}
End: Sun Jun 14 14:41:28 +01 2026
