Job ID: 7141560
Array Task ID: 9
Node: slurm-compute-h23b5-u30-svn1
Start: Sun Jun 14 15:55:06 +01 2026
Running config:
{
  "config_id": "C009",
  "mi_k": 500,
  "reduction": "sparsepca",
  "n_components": 50,
  "w_mg": 0.6,
  "model": "rf_strong"
}
X: (105, 3059)
Y: (105, 30)
MG features: 3039
Soil features: 20
Saved: /home/taha.mahir/Multiomicd-data-integration-/10_analysis/outputs/phase37_pro_full_pipeline_tuning/C009_metrics.csv
Mean R2: 0.3871089297717038
Median R2: 0.348439948050871
End: Sun Jun 14 17:28:47 +01 2026
