Job ID: 7140797
Array Task ID: 18
Node: slurm-compute-h22d5-u13-svn4
Start: Sun Jun 14 14:35:54 +01 2026
================================================================================
Task ID: 18
Metabolite: C18_positive|IK:LWYJCVVIVLBLID-UHFFFAOYSA-N
Model: RF
X shape: (105, 3059)
================================================================================
Fitting 10 folds for each of 72 candidates, totalling 720 fits
Done:
{
  "metabolite": "C18_positive|IK:LWYJCVVIVLBLID-UHFFFAOYSA-N",
  "model_code": "RF",
  "best_cv_r2": 0.2726238602627509,
  "best_params": "{\"model__max_depth\": null, \"model__max_features\": 0.5, \"model__min_samples_leaf\": 5, \"model__n_estimators\": 300}",
  "r2_train_refit": 0.7343469742218389,
  "rmse_train_refit": 3.191595451221767,
  "mae_train_refit": 2.6066170026354234,
  "n_samples": 105,
  "n_features": 3059
}
End: Sun Jun 14 14:42:11 +01 2026
