Job ID: 7141566
Array Task ID: 15
Node: slurm-compute-h23c8-u30-svn1
Start: Sun Jun 14 15:55:06 +01 2026
Running config:
{
  "config_id": "C015",
  "mi_k": 500,
  "reduction": "sparsepca",
  "n_components": 100,
  "w_mg": 0.6,
  "model": "rf_strong"
}
X: (105, 3059)
Y: (105, 30)
MG features: 3039
Soil features: 20
Saved: /home/taha.mahir/Multiomicd-data-integration-/10_analysis/outputs/phase37_pro_full_pipeline_tuning/C015_metrics.csv
Mean R2: 0.3901741524462329
Median R2: 0.3595152994868955
End: Sun Jun 14 17:27:56 +01 2026
