Job ID: 7141584
Array Task ID: 33
Node: slurm-compute-h21a8-u31-svn4
Start: Sun Jun 14 15:55:06 +01 2026
Running config:
{
  "config_id": "C033",
  "mi_k": 1000,
  "reduction": "sparsepca",
  "n_components": 100,
  "w_mg": 0.6,
  "model": "rf_strong"
}
X: (105, 3059)
Y: (105, 30)
MG features: 3039
Soil features: 20
Saved: /home/taha.mahir/Multiomicd-data-integration-/10_analysis/outputs/phase37_pro_full_pipeline_tuning/C033_metrics.csv
Mean R2: 0.3869285227070696
Median R2: 0.3505016453350665
End: Sun Jun 14 18:21:04 +01 2026
