Job ID: 7141578
Array Task ID: 27
Node: slurm-compute-h24b8-u8-svn1
Start: Sun Jun 14 15:55:06 +01 2026
Running config:
{
  "config_id": "C027",
  "mi_k": 1000,
  "reduction": "sparsepca",
  "n_components": 50,
  "w_mg": 0.6,
  "model": "rf_strong"
}
X: (105, 3059)
Y: (105, 30)
MG features: 3039
Soil features: 20
Saved: /home/taha.mahir/Multiomicd-data-integration-/10_analysis/outputs/phase37_pro_full_pipeline_tuning/C027_metrics.csv
Mean R2: 0.38541443886360743
Median R2: 0.34714804720162584
End: Sun Jun 14 18:09:20 +01 2026
