Job ID: 7141599
Array Task ID: 48
Node: slurm-compute-h23c8-u6-svn1
Start: Sun Jun 14 15:55:25 +01 2026
Running config:
{
  "config_id": "C048",
  "mi_k": 800,
  "reduction": "sparsepca",
  "n_components": 75,
  "w_mg": 0.7,
  "model": "et_strong"
}
X: (105, 3059)
Y: (105, 30)
MG features: 3039
Soil features: 20
Saved: /home/taha.mahir/Multiomicd-data-integration-/10_analysis/outputs/phase37_pro_full_pipeline_tuning/C048_metrics.csv
Mean R2: 0.3848085548520947
Median R2: 0.3475633230856065
End: Sun Jun 14 17:56:29 +01 2026
