Job ID: 7140791
Array Task ID: 12
Node: slurm-compute-h21a5-u9-svn2
Start: Sun Jun 14 14:35:52 +01 2026
================================================================================
Task ID: 12
Metabolite: C18_negative|IK:WLJVXDMOQOGPHL-UHFFFAOYSA-N
Model: RF
X shape: (105, 3059)
================================================================================
Fitting 10 folds for each of 72 candidates, totalling 720 fits
Done:
{
  "metabolite": "C18_negative|IK:WLJVXDMOQOGPHL-UHFFFAOYSA-N",
  "model_code": "RF",
  "best_cv_r2": 0.5920796732029696,
  "best_params": "{\"model__max_depth\": null, \"model__max_features\": \"sqrt\", \"model__min_samples_leaf\": 5, \"model__n_estimators\": 800}",
  "r2_train_refit": 0.7877109213960891,
  "rmse_train_refit": 2.583583354358306,
  "mae_train_refit": 1.6219520577952453,
  "n_samples": 105,
  "n_features": 3059
}
End: Sun Jun 14 14:41:41 +01 2026
