Job ID: 7141123
Array Task ID: 8
Node: slurm-compute-h21a5-u9-svn2
Start: Sun Jun 14 15:01:14 +01 2026
================================================================================
Task ID: 8
Metabolite: C18_negative|IK:NGFMICBWJRZIBI-UHFFFAOYSA-N
Model: XGB
X shape: (105, 3059)
================================================================================
Fitting 10 folds for each of 972 candidates, totalling 9720 fits
Done:
{
  "metabolite": "C18_negative|IK:NGFMICBWJRZIBI-UHFFFAOYSA-N",
  "model_code": "XGB",
  "best_cv_r2": 0.3561318535942018,
  "best_params": "{\"model__colsample_bytree\": 0.7, \"model__learning_rate\": 0.01, \"model__max_depth\": 2, \"model__n_estimators\": 200, \"model__reg_alpha\": 0.5, \"model__reg_lambda\": 5.0, \"model__subsample\": 0.9}",
  "r2_train_refit": 0.7209718066512978,
  "rmse_train_refit": 0.9174584879252056,
  "mae_train_refit": 0.7468636892823322,
  "n_samples": 105,
  "n_features": 3059
}
End: Sun Jun 14 16:14:02 +01 2026
