Job ID: 7141604
Array Task ID: 53
Node: slurm-compute-h23c8-u8-svn3
Start: Sun Jun 14 15:55:24 +01 2026
Running config:
{
  "config_id": "C053",
  "mi_k": 500,
  "reduction": "sparsepca",
  "n_components": 50,
  "w_mg": 0.7,
  "model": "xgb_medium"
}
X: (105, 3059)
Y: (105, 30)
MG features: 3039
Soil features: 20
Saved: /home/taha.mahir/Multiomicd-data-integration-/10_analysis/outputs/phase37_pro_full_pipeline_tuning/C053_metrics.csv
Mean R2: 0.34968191821737116
Median R2: 0.31291881032570024
End: Sun Jun 14 17:22:11 +01 2026
