Job ID: 7140781
Array Task ID: 2
Node: slurm-compute-h21a8-u12-svn1
Start: Sun Jun 14 14:35:53 +01 2026
================================================================================
Task ID: 2
Metabolite: C18_negative|IK:CKEXCBVNKRHAMX-UHFFFAOYSA-N
Model: SVR
X shape: (105, 3059)
================================================================================
Fitting 10 folds for each of 24 candidates, totalling 240 fits
Done:
{
  "metabolite": "C18_negative|IK:CKEXCBVNKRHAMX-UHFFFAOYSA-N",
  "model_code": "SVR",
  "best_cv_r2": 0.26891224206994263,
  "best_params": "{\"model__C\": 10, \"model__epsilon\": 0.1, \"model__gamma\": \"scale\", \"model__kernel\": \"rbf\"}",
  "r2_train_refit": 0.859163095839565,
  "rmse_train_refit": 2.0212416444213277,
  "mae_train_refit": 0.8587583372656336,
  "n_samples": 105,
  "n_features": 3059
}
End: Sun Jun 14 14:36:25 +01 2026
