Job ID: 7141610
Array Task ID: 59
Node: slurm-compute-h23c8-u11-svn4
Start: Sun Jun 14 15:55:25 +01 2026
Running config:
{
  "config_id": "C059",
  "mi_k": 800,
  "reduction": "sparsepca",
  "n_components": 75,
  "w_mg": 0.7,
  "model": "xgb_medium"
}
X: (105, 3059)
Y: (105, 30)
MG features: 3039
Soil features: 20
Saved: /home/taha.mahir/Multiomicd-data-integration-/10_analysis/outputs/phase37_pro_full_pipeline_tuning/C059_metrics.csv
Mean R2: 0.3558892460383388
Median R2: 0.3318400333932969
End: Sun Jun 14 17:53:38 +01 2026
