Job ID: 7141596
Array Task ID: 45
Node: slurm-compute-h21d5-u11-svn4
Start: Sun Jun 14 15:55:06 +01 2026
Running config:
{
  "config_id": "C045",
  "mi_k": 500,
  "reduction": "sparsepca",
  "n_components": 75,
  "w_mg": 0.7,
  "model": "et_regularized"
}
X: (105, 3059)
Y: (105, 30)
MG features: 3039
Soil features: 20
Saved: /home/taha.mahir/Multiomicd-data-integration-/10_analysis/outputs/phase37_pro_full_pipeline_tuning/C045_metrics.csv
Mean R2: 0.3899939752633118
Median R2: 0.3535407759299852
End: Sun Jun 14 17:17:41 +01 2026
