Job ID: 7140788
Array Task ID: 9
Node: slurm-compute-h23a8-u3-svn2
Start: Sun Jun 14 14:35:52 +01 2026
================================================================================
Task ID: 9
Metabolite: C18_negative|IK:OKVJCVWFVRATSG-UHFFFAOYSA-N
Model: ELASTIC
X shape: (105, 3059)
================================================================================
Fitting 10 folds for each of 30 candidates, totalling 300 fits
Done:
{
  "metabolite": "C18_negative|IK:OKVJCVWFVRATSG-UHFFFAOYSA-N",
  "model_code": "ELASTIC",
  "best_cv_r2": 0.17515453142455312,
  "best_params": "{\"model__alpha\": 1.0, \"model__l1_ratio\": 0.9}",
  "r2_train_refit": 0.5324932846574035,
  "rmse_train_refit": 4.08720344761844,
  "mae_train_refit": 3.460802692221184,
  "n_samples": 105,
  "n_features": 3059
}
End: Sun Jun 14 14:38:16 +01 2026
