Job ID: 7140794
Array Task ID: 15
Node: slurm-compute-h24c5-u30-svn3
Start: Sun Jun 14 14:35:53 +01 2026
================================================================================
Task ID: 15
Metabolite: C18_positive|IK:GUMFPOIJOXLCLA-JKSUJKDBSA-N
Model: ET
X shape: (105, 3059)
================================================================================
Fitting 10 folds for each of 72 candidates, totalling 720 fits
Done:
{
  "metabolite": "C18_positive|IK:GUMFPOIJOXLCLA-JKSUJKDBSA-N",
  "model_code": "ET",
  "best_cv_r2": 0.3572120648159103,
  "best_params": "{\"model__max_depth\": 10, \"model__max_features\": 0.5, \"model__min_samples_leaf\": 5, \"model__n_estimators\": 300}",
  "r2_train_refit": 0.8821706830488838,
  "rmse_train_refit": 1.6071715204293597,
  "mae_train_refit": 0.990937064949049,
  "n_samples": 105,
  "n_features": 3059
}
End: Sun Jun 14 14:39:12 +01 2026
