Job ID: 7141590
Array Task ID: 39
Node: slurm-compute-h21d5-u8-svn3
Start: Sun Jun 14 15:55:06 +01 2026
Running config:
{
  "config_id": "C039",
  "mi_k": 500,
  "reduction": "sparsepca",
  "n_components": 100,
  "w_mg": 0.8,
  "model": "rf_regularized"
}
X: (105, 3059)
Y: (105, 30)
MG features: 3039
Soil features: 20
Saved: /home/taha.mahir/Multiomicd-data-integration-/10_analysis/outputs/phase37_pro_full_pipeline_tuning/C039_metrics.csv
Mean R2: 0.3865926959967271
Median R2: 0.3640941863373775
End: Sun Jun 14 17:22:49 +01 2026
