Job ID: 7141593
Array Task ID: 42
Node: slurm-compute-h21d5-u10-svn1
Start: Sun Jun 14 15:55:06 +01 2026
Running config:
{
  "config_id": "C042",
  "mi_k": 800,
  "reduction": "sparsepca",
  "n_components": 100,
  "w_mg": 0.7,
  "model": "rf_regularized"
}
X: (105, 3059)
Y: (105, 30)
MG features: 3039
Soil features: 20
Saved: /home/taha.mahir/Multiomicd-data-integration-/10_analysis/outputs/phase37_pro_full_pipeline_tuning/C042_metrics.csv
Mean R2: 0.38628137549450403
Median R2: 0.35547361662473853
End: Sun Jun 14 17:51:46 +01 2026
