Job ID: 7141562
Array Task ID: 11
Node: slurm-compute-h23b5-u30-svn3
Start: Sun Jun 14 15:55:07 +01 2026
Running config:
{
  "config_id": "C011",
  "mi_k": 500,
  "reduction": "sparsepca",
  "n_components": 50,
  "w_mg": 0.8,
  "model": "rf_strong"
}
X: (105, 3059)
Y: (105, 30)
MG features: 3039
Soil features: 20
Saved: /home/taha.mahir/Multiomicd-data-integration-/10_analysis/outputs/phase37_pro_full_pipeline_tuning/C011_metrics.csv
Mean R2: 0.38383189285205493
Median R2: 0.350232779871522
End: Sun Jun 14 17:27:50 +01 2026
