Job ID: 7141588
Array Task ID: 37
Node: slurm-compute-h21d5-u7-svn4
Start: Sun Jun 14 15:55:06 +01 2026
Running config:
{
  "config_id": "C037",
  "mi_k": 500,
  "reduction": "sparsepca",
  "n_components": 75,
  "w_mg": 0.8,
  "model": "rf_regularized"
}
X: (105, 3059)
Y: (105, 30)
MG features: 3039
Soil features: 20
Saved: /home/taha.mahir/Multiomicd-data-integration-/10_analysis/outputs/phase37_pro_full_pipeline_tuning/C037_metrics.csv
Mean R2: 0.39034060002627485
Median R2: 0.3678671042544572
End: Sun Jun 14 17:19:22 +01 2026
