Job ID: 7141605
Array Task ID: 54
Node: slurm-compute-h23c8-u9-svn2
Start: Sun Jun 14 15:55:25 +01 2026
Running config:
{
  "config_id": "C054",
  "mi_k": 500,
  "reduction": "sparsepca",
  "n_components": 75,
  "w_mg": 0.7,
  "model": "xgb_light"
}
X: (105, 3059)
Y: (105, 30)
MG features: 3039
Soil features: 20
Saved: /home/taha.mahir/Multiomicd-data-integration-/10_analysis/outputs/phase37_pro_full_pipeline_tuning/C054_metrics.csv
Mean R2: 0.36658525728676766
Median R2: 0.33712113319571824
End: Sun Jun 14 17:15:59 +01 2026
