Job ID: 7141613
Array Task ID: 62
Node: slurm-compute-h24b8-u10-svn1
Start: Sun Jun 14 15:55:25 +01 2026
Running config:
{
  "config_id": "C062",
  "mi_k": 800,
  "reduction": "svd",
  "n_components": 75,
  "w_mg": 0.7,
  "model": "rf_strong"
}
X: (105, 3059)
Y: (105, 30)
MG features: 3039
Soil features: 20
Saved: /home/taha.mahir/Multiomicd-data-integration-/10_analysis/outputs/phase37_pro_full_pipeline_tuning/C062_metrics.csv
Mean R2: 0.30124688227769936
Median R2: 0.2799250462422408
End: Sun Jun 14 16:11:33 +01 2026
