Job ID: 7141554
Array Task ID: 3
Node: slurm-compute-h21a5-u10-svn3
Start: Sun Jun 14 15:55:06 +01 2026
Running config:
{
  "config_id": "C003",
  "mi_k": 300,
  "reduction": "sparsepca",
  "n_components": 75,
  "w_mg": 0.6,
  "model": "rf_strong"
}
X: (105, 3059)
Y: (105, 30)
MG features: 3039
Soil features: 20
Saved: /home/taha.mahir/Multiomicd-data-integration-/10_analysis/outputs/phase37_pro_full_pipeline_tuning/C003_metrics.csv
Mean R2: 0.39080494664698506
Median R2: 0.3498183271500189
End: Sun Jun 14 16:51:14 +01 2026
