Job ID: 7141569
Array Task ID: 18
Node: slurm-compute-h23c8-u30-svn3
Start: Sun Jun 14 15:55:07 +01 2026
Running config:
{
  "config_id": "C018",
  "mi_k": 800,
  "reduction": "sparsepca",
  "n_components": 50,
  "w_mg": 0.6,
  "model": "rf_strong"
}
X: (105, 3059)
Y: (105, 30)
MG features: 3039
Soil features: 20
Saved: /home/taha.mahir/Multiomicd-data-integration-/10_analysis/outputs/phase37_pro_full_pipeline_tuning/C018_metrics.csv
Mean R2: 0.3879376623999995
Median R2: 0.3543938458350224
End: Sun Jun 14 17:48:19 +01 2026
