Job ID: 7141594
Array Task ID: 43
Node: slurm-compute-h21d5-u10-svn3
Start: Sun Jun 14 15:55:06 +01 2026
Running config:
{
  "config_id": "C043",
  "mi_k": 800,
  "reduction": "sparsepca",
  "n_components": 100,
  "w_mg": 0.8,
  "model": "rf_regularized"
}
X: (105, 3059)
Y: (105, 30)
MG features: 3039
Soil features: 20
Saved: /home/taha.mahir/Multiomicd-data-integration-/10_analysis/outputs/phase37_pro_full_pipeline_tuning/C043_metrics.csv
Mean R2: 0.38294114522297484
Median R2: 0.35711169430921724
End: Sun Jun 14 17:51:55 +01 2026
