Job ID: 7141556
Array Task ID: 5
Node: slurm-compute-h24d8-u14-svn1
Start: Sun Jun 14 15:55:11 +01 2026
Running config:
{
  "config_id": "C005",
  "mi_k": 300,
  "reduction": "sparsepca",
  "n_components": 75,
  "w_mg": 0.8,
  "model": "rf_strong"
}
X: (105, 3059)
Y: (105, 30)
MG features: 3039
Soil features: 20
Saved: /home/taha.mahir/Multiomicd-data-integration-/10_analysis/outputs/phase37_pro_full_pipeline_tuning/C005_metrics.csv
Mean R2: 0.3878961588872567
Median R2: 0.34723702349330954
End: Sun Jun 14 16:52:53 +01 2026
