Job ID: 7141124
Array Task ID: 13
Node: slurm-compute-h21a5-u13-svn4
Start: Sun Jun 14 15:01:14 +01 2026
================================================================================
Task ID: 13
Metabolite: C18_negative|IK:ZWNLSRDFHQCTQW-UHFFFAOYSA-N
Model: XGB
X shape: (105, 3059)
================================================================================
Fitting 10 folds for each of 972 candidates, totalling 9720 fits
Done:
{
  "metabolite": "C18_negative|IK:ZWNLSRDFHQCTQW-UHFFFAOYSA-N",
  "model_code": "XGB",
  "best_cv_r2": 0.36757321735656684,
  "best_params": "{\"model__colsample_bytree\": 0.7, \"model__learning_rate\": 0.01, \"model__max_depth\": 4, \"model__n_estimators\": 200, \"model__reg_alpha\": 0.5, \"model__reg_lambda\": 1.0, \"model__subsample\": 0.9}",
  "r2_train_refit": 0.9468778933053856,
  "rmse_train_refit": 1.277090662436169,
  "mae_train_refit": 1.0893269541242179,
  "n_samples": 105,
  "n_features": 3059
}
End: Sun Jun 14 16:10:00 +01 2026
