Job ID: 7141608
Array Task ID: 57
Node: slurm-compute-h23c8-u10-svn3
Start: Sun Jun 14 15:55:25 +01 2026
Running config:
{
  "config_id": "C057",
  "mi_k": 800,
  "reduction": "sparsepca",
  "n_components": 50,
  "w_mg": 0.7,
  "model": "xgb_medium"
}
X: (105, 3059)
Y: (105, 30)
MG features: 3039
Soil features: 20
Saved: /home/taha.mahir/Multiomicd-data-integration-/10_analysis/outputs/phase37_pro_full_pipeline_tuning/C057_metrics.csv
Mean R2: 0.35747048445790064
Median R2: 0.3253285771184487
End: Sun Jun 14 17:40:03 +01 2026
