Job ID: 7141550
Array Task ID: 63
Node: slurm-compute-h24b8-u10-svn3
Start: Sun Jun 14 15:55:25 +01 2026
Running config:
{
  "config_id": "C063",
  "mi_k": 800,
  "reduction": "svd",
  "n_components": 100,
  "w_mg": 0.7,
  "model": "rf_strong"
}
X: (105, 3059)
Y: (105, 30)
MG features: 3039
Soil features: 20
Saved: /home/taha.mahir/Multiomicd-data-integration-/10_analysis/outputs/phase37_pro_full_pipeline_tuning/C063_metrics.csv
Mean R2: 0.2896258133591072
Median R2: 0.26511229674922543
End: Sun Jun 14 16:11:52 +01 2026
