Job ID: 7140800
Array Task ID: 21
Node: slurm-compute-h22d5-u13-svn4
Start: Sun Jun 14 14:35:54 +01 2026
================================================================================
Task ID: 21
Metabolite: C18_positive|IK:OVASVJPBDPJABT-UHFFFAOYSA-N
Model: RF
X shape: (105, 3059)
================================================================================
Fitting 10 folds for each of 72 candidates, totalling 720 fits
Done:
{
  "metabolite": "C18_positive|IK:OVASVJPBDPJABT-UHFFFAOYSA-N",
  "model_code": "RF",
  "best_cv_r2": 0.21872619801979837,
  "best_params": "{\"model__max_depth\": 20, \"model__max_features\": \"sqrt\", \"model__min_samples_leaf\": 5, \"model__n_estimators\": 500}",
  "r2_train_refit": 0.6740738832968858,
  "rmse_train_refit": 3.086559429063115,
  "mae_train_refit": 2.1968456230580555,
  "n_samples": 105,
  "n_features": 3059
}
End: Sun Jun 14 14:43:44 +01 2026
