Job ID: 7141586
Array Task ID: 35
Node: slurm-compute-h21a8-u32-svn3
Start: Sun Jun 14 15:55:06 +01 2026
Running config:
{
  "config_id": "C035",
  "mi_k": 1000,
  "reduction": "sparsepca",
  "n_components": 100,
  "w_mg": 0.8,
  "model": "rf_strong"
}
X: (105, 3059)
Y: (105, 30)
MG features: 3039
Soil features: 20
Saved: /home/taha.mahir/Multiomicd-data-integration-/10_analysis/outputs/phase37_pro_full_pipeline_tuning/C035_metrics.csv
Mean R2: 0.38423105980642575
Median R2: 0.35555046700353143
End: Sun Jun 14 18:13:51 +01 2026
