Job ID: 7141559
Array Task ID: 8
Node: slurm-compute-h23b5-u30-svn1
Start: Sun Jun 14 15:55:06 +01 2026
Running config:
{
  "config_id": "C008",
  "mi_k": 300,
  "reduction": "sparsepca",
  "n_components": 100,
  "w_mg": 0.8,
  "model": "rf_strong"
}
X: (105, 3059)
Y: (105, 30)
MG features: 3039
Soil features: 20
Saved: /home/taha.mahir/Multiomicd-data-integration-/10_analysis/outputs/phase37_pro_full_pipeline_tuning/C008_metrics.csv
Mean R2: 0.384487640810087
Median R2: 0.34968506333316407
End: Sun Jun 14 16:54:16 +01 2026
