Job ID: 7140799
Array Task ID: 20
Node: slurm-compute-h22d5-u13-svn4
Start: Sun Jun 14 14:35:54 +01 2026
================================================================================
Task ID: 20
Metabolite: C18_positive|IK:MECHNRXZTMCUDQ-UHFFFAOYSA-N
Model: SVR
X shape: (105, 3059)
================================================================================
Fitting 10 folds for each of 24 candidates, totalling 240 fits
Done:
{
  "metabolite": "C18_positive|IK:MECHNRXZTMCUDQ-UHFFFAOYSA-N",
  "model_code": "SVR",
  "best_cv_r2": 0.524234193101003,
  "best_params": "{\"model__C\": 10, \"model__epsilon\": 0.01, \"model__gamma\": \"scale\", \"model__kernel\": \"rbf\"}",
  "r2_train_refit": 0.8950911485397255,
  "rmse_train_refit": 1.9415817038490306,
  "mae_train_refit": 0.6134318817006323,
  "n_samples": 105,
  "n_features": 3059
}
End: Sun Jun 14 14:36:26 +01 2026
