Job ID: 7141564
Array Task ID: 13
Node: slurm-compute-h23c8-u30-svn1
Start: Sun Jun 14 15:55:06 +01 2026
Running config:
{
  "config_id": "C013",
  "mi_k": 500,
  "reduction": "sparsepca",
  "n_components": 75,
  "w_mg": 0.7,
  "model": "rf_strong"
}
X: (105, 3059)
Y: (105, 30)
MG features: 3039
Soil features: 20
Saved: /home/taha.mahir/Multiomicd-data-integration-/10_analysis/outputs/phase37_pro_full_pipeline_tuning/C013_metrics.csv
Mean R2: 0.3932542410033861
Median R2: 0.3631945088565043
End: Sun Jun 14 17:22:57 +01 2026
