Job ID: 7141606
Array Task ID: 55
Node: slurm-compute-h23c8-u9-svn4
Start: Sun Jun 14 15:55:26 +01 2026
Running config:
{
  "config_id": "C055",
  "mi_k": 500,
  "reduction": "sparsepca",
  "n_components": 75,
  "w_mg": 0.7,
  "model": "xgb_medium"
}
X: (105, 3059)
Y: (105, 30)
MG features: 3039
Soil features: 20
Saved: /home/taha.mahir/Multiomicd-data-integration-/10_analysis/outputs/phase37_pro_full_pipeline_tuning/C055_metrics.csv
Mean R2: 0.36275213576075255
Median R2: 0.34030727803078403
End: Sun Jun 14 17:16:41 +01 2026
