Job ID: 7141551
Array Task ID: 0
Node: slurm-compute-h21a5-u9-svn2
Start: Sun Jun 14 15:55:06 +01 2026
Running config:
{
  "config_id": "C000",
  "mi_k": 300,
  "reduction": "sparsepca",
  "n_components": 50,
  "w_mg": 0.6,
  "model": "rf_strong"
}
X: (105, 3059)
Y: (105, 30)
MG features: 3039
Soil features: 20
Saved: /home/taha.mahir/Multiomicd-data-integration-/10_analysis/outputs/phase37_pro_full_pipeline_tuning/C000_metrics.csv
Mean R2: 0.3900132454109235
Median R2: 0.35785514200626417
End: Sun Jun 14 16:32:23 +01 2026
