Job ID: 7141555
Array Task ID: 4
Node: slurm-compute-h24d8-u14-svn1
Start: Sun Jun 14 15:55:06 +01 2026
Running config:
{
  "config_id": "C004",
  "mi_k": 300,
  "reduction": "sparsepca",
  "n_components": 75,
  "w_mg": 0.7,
  "model": "rf_strong"
}
X: (105, 3059)
Y: (105, 30)
MG features: 3039
Soil features: 20
Saved: /home/taha.mahir/Multiomicd-data-integration-/10_analysis/outputs/phase37_pro_full_pipeline_tuning/C004_metrics.csv
Mean R2: 0.3911224091755661
Median R2: 0.34805271162351764
End: Sun Jun 14 16:52:39 +01 2026
