Job ID: 7141565
Array Task ID: 14
Node: slurm-compute-h23c8-u30-svn1
Start: Sun Jun 14 15:55:12 +01 2026
Running config:
{
  "config_id": "C014",
  "mi_k": 500,
  "reduction": "sparsepca",
  "n_components": 75,
  "w_mg": 0.8,
  "model": "rf_strong"
}
X: (105, 3059)
Y: (105, 30)
MG features: 3039
Soil features: 20
Saved: /home/taha.mahir/Multiomicd-data-integration-/10_analysis/outputs/phase37_pro_full_pipeline_tuning/C014_metrics.csv
Mean R2: 0.3910220179810007
Median R2: 0.36720317233688204
End: Sun Jun 14 17:23:02 +01 2026
