Job ID: 7141571
Array Task ID: 20
Node: slurm-compute-h24b8-u7-svn2
Start: Sun Jun 14 15:55:06 +01 2026
Running config:
{
  "config_id": "C020",
  "mi_k": 800,
  "reduction": "sparsepca",
  "n_components": 50,
  "w_mg": 0.8,
  "model": "rf_strong"
}
X: (105, 3059)
Y: (105, 30)
MG features: 3039
Soil features: 20
Saved: /home/taha.mahir/Multiomicd-data-integration-/10_analysis/outputs/phase37_pro_full_pipeline_tuning/C020_metrics.csv
Mean R2: 0.3853246516285823
Median R2: 0.3529693385932206
End: Sun Jun 14 17:47:26 +01 2026
