Job ID: 7140783
Array Task ID: 4
Node: slurm-compute-h21b5-u14-svn3
Start: Sun Jun 14 14:35:53 +01 2026
================================================================================
Task ID: 4
Metabolite: C18_negative|IK:GUNGQVJAKLIYDG-JXMROGBWSA-N
Model: ELASTIC
X shape: (105, 3059)
================================================================================
Fitting 10 folds for each of 30 candidates, totalling 300 fits
Done:
{
  "metabolite": "C18_negative|IK:GUNGQVJAKLIYDG-JXMROGBWSA-N",
  "model_code": "ELASTIC",
  "best_cv_r2": 0.27290078834327436,
  "best_params": "{\"model__alpha\": 1.0, \"model__l1_ratio\": 0.9}",
  "r2_train_refit": 0.4745697320208099,
  "rmse_train_refit": 3.6395525968631035,
  "mae_train_refit": 2.978365177317154,
  "n_samples": 105,
  "n_features": 3059
}
End: Sun Jun 14 14:37:56 +01 2026
