Job ID: 7140779
Array Task ID: 0
Node: slurm-compute-h21a5-u13-svn4
Start: Sun Jun 14 14:35:52 +01 2026
================================================================================
Task ID: 0
Metabolite: C18_negative|IK:AIONOLUJZLIMTK-UHFFFAOYSA-N
Model: ELASTIC
X shape: (105, 3059)
================================================================================
Fitting 10 folds for each of 30 candidates, totalling 300 fits
Done:
{
  "metabolite": "C18_negative|IK:AIONOLUJZLIMTK-UHFFFAOYSA-N",
  "model_code": "ELASTIC",
  "best_cv_r2": 0.3399395082331769,
  "best_params": "{\"model__alpha\": 1.0, \"model__l1_ratio\": 0.9}",
  "r2_train_refit": 0.5990917710426029,
  "rmse_train_refit": 3.6769465788617777,
  "mae_train_refit": 3.0639609573876863,
  "n_samples": 105,
  "n_features": 3059
}
End: Sun Jun 14 14:37:57 +01 2026
