Job ID: 7141579
Array Task ID: 28
Node: slurm-compute-h21a8-u29-svn2
Start: Sun Jun 14 15:55:06 +01 2026
Running config:
{
  "config_id": "C028",
  "mi_k": 1000,
  "reduction": "sparsepca",
  "n_components": 50,
  "w_mg": 0.7,
  "model": "rf_strong"
}
X: (105, 3059)
Y: (105, 30)
MG features: 3039
Soil features: 20
Saved: /home/taha.mahir/Multiomicd-data-integration-/10_analysis/outputs/phase37_pro_full_pipeline_tuning/C028_metrics.csv
Mean R2: 0.3851341791514408
Median R2: 0.34932185950062494
End: Sun Jun 14 18:20:55 +01 2026
