Job ID: 7140805
Array Task ID: 26
Node: slurm-compute-h22d5-u14-svn1
Start: Sun Jun 14 14:35:53 +01 2026
================================================================================
Task ID: 26
Metabolite: HILICZ_negative|IK:LWYJCVVIVLBLID-UHFFFAOYSA-N
Model: RF
X shape: (105, 3059)
================================================================================
Fitting 10 folds for each of 72 candidates, totalling 720 fits
Done:
{
  "metabolite": "HILICZ_negative|IK:LWYJCVVIVLBLID-UHFFFAOYSA-N",
  "model_code": "RF",
  "best_cv_r2": 0.32793993606221006,
  "best_params": "{\"model__max_depth\": null, \"model__max_features\": 0.5, \"model__min_samples_leaf\": 5, \"model__n_estimators\": 800}",
  "r2_train_refit": 0.7707243814124517,
  "rmse_train_refit": 3.2749468355349833,
  "mae_train_refit": 2.538650210308068,
  "n_samples": 105,
  "n_features": 3059
}
End: Sun Jun 14 14:42:03 +01 2026
