Job ID: 7140804
Array Task ID: 25
Node: slurm-compute-h22d5-u14-svn1
Start: Sun Jun 14 14:35:53 +01 2026
================================================================================
Task ID: 25
Metabolite: C18_positive|NAME:
Model: RF
X shape: (105, 3059)
================================================================================
Fitting 10 folds for each of 72 candidates, totalling 720 fits
Done:
{
  "metabolite": "C18_positive|NAME:",
  "model_code": "RF",
  "best_cv_r2": 0.2730652496993487,
  "best_params": "{\"model__max_depth\": null, \"model__max_features\": 0.5, \"model__min_samples_leaf\": 5, \"model__n_estimators\": 800}",
  "r2_train_refit": 0.8027607368487659,
  "rmse_train_refit": 0.29554343968443614,
  "mae_train_refit": 0.23128676673218534,
  "n_samples": 105,
  "n_features": 3059
}
End: Sun Jun 14 14:43:49 +01 2026
