Job ID: 7140782
Array Task ID: 3
Node: slurm-compute-h21b5-u5-svn2
Start: Sun Jun 14 14:35:52 +01 2026
================================================================================
Task ID: 3
Metabolite: C18_negative|IK:GHOKWGTUZJEAQD-UHFFFAOYSA-N
Model: ELASTIC
X shape: (105, 3059)
================================================================================
Fitting 10 folds for each of 30 candidates, totalling 300 fits
Done:
{
  "metabolite": "C18_negative|IK:GHOKWGTUZJEAQD-UHFFFAOYSA-N",
  "model_code": "ELASTIC",
  "best_cv_r2": 0.2040159646602838,
  "best_params": "{\"model__alpha\": 1.0, \"model__l1_ratio\": 0.9}",
  "r2_train_refit": 0.5003590054183358,
  "rmse_train_refit": 4.022635250055961,
  "mae_train_refit": 3.390384196645431,
  "n_samples": 105,
  "n_features": 3059
}
End: Sun Jun 14 14:38:15 +01 2026
