Job ID: 7141603
Array Task ID: 52
Node: slurm-compute-h23c8-u8-svn1
Start: Sun Jun 14 15:55:25 +01 2026
Running config:
{
  "config_id": "C052",
  "mi_k": 500,
  "reduction": "sparsepca",
  "n_components": 50,
  "w_mg": 0.7,
  "model": "xgb_light"
}
X: (105, 3059)
Y: (105, 30)
MG features: 3039
Soil features: 20
Saved: /home/taha.mahir/Multiomicd-data-integration-/10_analysis/outputs/phase37_pro_full_pipeline_tuning/C052_metrics.csv
Mean R2: 0.3526698927284284
Median R2: 0.3191046147880216
End: Sun Jun 14 17:22:04 +01 2026
