Loaded X=(105, 3059), Y_top30=(105, 30)
MG=3039, Soil=20
Running Top30 Champion with Repeated CV 5x10
[1/30] C18_negative|IK:RGHHSNMVTDWUBI-UHFFFAOYSA-N
[2/30] C18_negative|IK:WLJVXDMOQOGPHL-UHFFFAOYSA-N
[3/30] C18_positive|IK:LVGKNOAMLMIIKO-QXMHVHEDSA-N
[4/30] C18_positive|IK:MECHNRXZTMCUDQ-UHFFFAOYSA-N
[5/30] C18_negative|IK:AIONOLUJZLIMTK-UHFFFAOYSA-N
[6/30] HILICZ_positive|IK:OYTCZOJKXCTBHG-UHFFFAOYSA-N
[7/30] C18_negative|IK:LTSJJOKAWSCMBC-UHFFFAOYSA-N
[8/30] C18_positive|IK:GUMFPOIJOXLCLA-JKSUJKDBSA-N
[9/30] C18_negative|IK:GYUCMTKUEQLBJW-UHFFFAOYSA-N
[10/30] C18_negative|IK:NGFMICBWJRZIBI-UHFFFAOYSA-N
[11/30] C18_positive|IK:MBIZFBDREVRUHY-UHFFFAOYSA-N
[12/30] C18_positive|IK:OYTCZOJKXCTBHG-UHFFFAOYSA-N
[13/30] C18_positive|IK:IBMRTYCHDPMBFN-UHFFFAOYSA-N
[14/30] C18_positive|IK:GHOKWGTUZJEAQD-UHFFFAOYSA-N
[15/30] HILICZ_positive|IK:XPCTZQVDEJYUGT-UHFFFAOYSA-N
[16/30] HILICZ_negative|IK:LWYJCVVIVLBLID-UHFFFAOYSA-N
[17/30] C18_negative|IK:GUNGQVJAKLIYDG-JXMROGBWSA-N
[18/30] C18_negative|IK:GHOKWGTUZJEAQD-UHFFFAOYSA-N
[19/30] C18_negative|IK:ZWNLSRDFHQCTQW-UHFFFAOYSA-N
[20/30] C18_positive|NAME:
[21/30] C18_negative|IK:KDYFGRWQOYBRFD-UHFFFAOYSA-N
[22/30] C18_positive|IK:OVASVJPBDPJABT-UHFFFAOYSA-N
[23/30] C18_negative|IK:CKEXCBVNKRHAMX-UHFFFAOYSA-N
[24/30] C18_negative|IK:OKVJCVWFVRATSG-UHFFFAOYSA-N
[25/30] C18_positive|IK:WCGUUGGRBIKTOS-UHFFFAOYSA-N
[26/30] HILICZ_negative|IK:QZZGJDVWLFXDLK-UHFFFAOYSA-N
[27/30] C18_positive|IK:PUQSUZTXKPLAPR-UJPOAAIJSA-N
[28/30] C18_positive|IK:LWYJCVVIVLBLID-UHFFFAOYSA-N
[29/30] C18_negative|IK:BJRNKVDFDLYUGJ-RMPHRYRLSA-N
[30/30] C18_negative|IK:UGAGPNKCDRTDHP-UHFFFAOYSA-N
{
  "experiment": "phase29_top30_T266_repeatedCV_5x10",
  "n_metabolites": 30,
  "mean_r2": 0.3857386682837084,
  "median_r2": 0.3503375470567258,
  "std_r2": 0.09730551495966556,
  "max_r2": 0.6878560954630335,
  "min_r2": 0.26955006479490384,
  "n_r2_gt_02": 30,
  "n_r2_gt_04": 9,
  "n_r2_gt_06": 1,
  "runtime_sec": 21891.91
}
                                    metabolite       r2     rmse
   C18_negative|IK:RGHHSNMVTDWUBI-UHFFFAOYSA-N 0.687856 3.663128
   C18_negative|IK:WLJVXDMOQOGPHL-UHFFFAOYSA-N 0.587357 3.602017
   C18_positive|IK:OYTCZOJKXCTBHG-UHFFFAOYSA-N 0.502486 3.483853
   C18_positive|IK:LVGKNOAMLMIIKO-QXMHVHEDSA-N 0.495002 3.547725
HILICZ_positive|IK:OYTCZOJKXCTBHG-UHFFFAOYSA-N 0.494810 4.651938
   C18_positive|IK:MECHNRXZTMCUDQ-UHFFFAOYSA-N 0.490907 4.277088
   C18_negative|IK:AIONOLUJZLIMTK-UHFFFAOYSA-N 0.475329 4.206380
   C18_positive|IK:GUMFPOIJOXLCLA-JKSUJKDBSA-N 0.432283 3.527780
   C18_negative|IK:GYUCMTKUEQLBJW-UHFFFAOYSA-N 0.400206 3.728653
   C18_negative|IK:NGFMICBWJRZIBI-UHFFFAOYSA-N 0.399688 1.345708
   C18_positive|IK:MBIZFBDREVRUHY-UHFFFAOYSA-N 0.393961 4.563796
   C18_negative|IK:LTSJJOKAWSCMBC-UHFFFAOYSA-N 0.392244 4.184991
HILICZ_negative|IK:LWYJCVVIVLBLID-UHFFFAOYSA-N 0.390640 5.339029
HILICZ_positive|IK:XPCTZQVDEJYUGT-UHFFFAOYSA-N 0.360543 5.281968
   C18_positive|IK:IBMRTYCHDPMBFN-UHFFFAOYSA-N 0.351839 4.566677
   C18_negative|IK:GUNGQVJAKLIYDG-JXMROGBWSA-N 0.348837 4.051683
   C18_negative|IK:ZWNLSRDFHQCTQW-UHFFFAOYSA-N 0.339909 4.501798
   C18_negative|IK:BJRNKVDFDLYUGJ-RMPHRYRLSA-N 0.337688 4.938705
                            C18_positive|NAME: 0.325880 0.546378
   C18_positive|IK:WCGUUGGRBIKTOS-UHFFFAOYSA-N 0.320751 5.288480
   C18_positive|IK:LWYJCVVIVLBLID-UHFFFAOYSA-N 0.317405 5.116018
   C18_positive|IK:PUQSUZTXKPLAPR-UJPOAAIJSA-N 0.315323 5.227645
   C18_positive|IK:OVASVJPBDPJABT-UHFFFAOYSA-N 0.312913 4.481476
   C18_negative|IK:KDYFGRWQOYBRFD-UHFFFAOYSA-N 0.312742 4.860999
   C18_negative|IK:CKEXCBVNKRHAMX-UHFFFAOYSA-N 0.309424 4.475750
   C18_negative|IK:GHOKWGTUZJEAQD-UHFFFAOYSA-N 0.308806 4.731314
HILICZ_negative|IK:QZZGJDVWLFXDLK-UHFFFAOYSA-N 0.307497 5.160786
   C18_negative|IK:UGAGPNKCDRTDHP-UHFFFAOYSA-N 0.295822 4.829118
   C18_negative|IK:OKVJCVWFVRATSG-UHFFFAOYSA-N 0.294464 5.021019
   C18_positive|IK:GHOKWGTUZJEAQD-UHFFFAOYSA-N 0.269550 4.938858
