HOSTNAME:
slurm-compute-h24a5-u14-svn1
PYTHON USED:
/home/taha.mahir/.conda/envs/multiomics22/bin/python
CHECK XGBOOST:
xgboost OK
START PHASE31

C18_negative|IK:RGHHSNMVTDWUBI-UHFFFAOYSA-N
RF
0.677
ET
0.681
XGB
0.603
ELASTIC
0.607
SVR
0.657
winner ET

C18_negative|IK:WLJVXDMOQOGPHL-UHFFFAOYSA-N
RF
0.601
ET
0.594
XGB
0.555
ELASTIC
0.547
SVR
0.573
winner RF

C18_positive|IK:LVGKNOAMLMIIKO-QXMHVHEDSA-N
RF
0.482
ET
0.378
XGB
0.359
ELASTIC
0.496
SVR
0.218
winner ELASTIC

C18_positive|IK:MECHNRXZTMCUDQ-UHFFFAOYSA-N
RF
0.467
ET
0.364
XGB
0.434
ELASTIC
0.357
SVR
0.484
winner SVR

C18_negative|IK:AIONOLUJZLIMTK-UHFFFAOYSA-N
RF
0.498
ET
0.455
XGB
0.425
ELASTIC
0.504
SVR
0.491
winner ELASTIC

HILICZ_positive|IK:OYTCZOJKXCTBHG-UHFFFAOYSA-N
RF
0.495
ET
0.492
XGB
0.46
ELASTIC
0.459
SVR
0.419
winner RF

C18_negative|IK:LTSJJOKAWSCMBC-UHFFFAOYSA-N
RF
0.399
ET
0.384
XGB
0.345
ELASTIC
0.397
SVR
0.236
winner RF

C18_positive|IK:GUMFPOIJOXLCLA-JKSUJKDBSA-N
RF
0.317
ET
0.321
XGB
0.206
ELASTIC
0.306
SVR
-0.019
winner ET

C18_negative|IK:GYUCMTKUEQLBJW-UHFFFAOYSA-N
RF
0.393
ET
0.283
XGB
0.303
ELASTIC
0.408
SVR
0.077
winner ELASTIC

C18_negative|IK:NGFMICBWJRZIBI-UHFFFAOYSA-N
RF
0.396
ET
0.399
XGB
0.439
ELASTIC
0.327
SVR
0.401
winner XGB

C18_positive|IK:MBIZFBDREVRUHY-UHFFFAOYSA-N
RF
0.382
ET
0.27
XGB
0.245
ELASTIC
0.4
SVR
0.343
winner ELASTIC

C18_positive|IK:OYTCZOJKXCTBHG-UHFFFAOYSA-N
RF
0.535
ET
0.509
XGB
0.493
ELASTIC
0.338
SVR
0.304
winner RF

C18_positive|IK:IBMRTYCHDPMBFN-UHFFFAOYSA-N
RF
0.35
ET
0.237
XGB
0.261
ELASTIC
0.273
SVR
0.076
winner RF

C18_positive|IK:GHOKWGTUZJEAQD-UHFFFAOYSA-N
RF
0.31
ET
0.134
XGB
0.271
ELASTIC
0.302
SVR
0.116
winner RF

HILICZ_positive|IK:XPCTZQVDEJYUGT-UHFFFAOYSA-N
RF
0.355
ET
0.287
XGB
0.411
ELASTIC
0.398
SVR
0.327
winner XGB

HILICZ_negative|IK:LWYJCVVIVLBLID-UHFFFAOYSA-N
RF
0.423
ET
0.418
XGB
0.385
ELASTIC
0.354
SVR
0.316
winner RF

C18_negative|IK:GUNGQVJAKLIYDG-JXMROGBWSA-N
RF
0.349
ET
0.313
XGB
0.246
ELASTIC
0.354
SVR
0.239
winner ELASTIC

C18_negative|IK:GHOKWGTUZJEAQD-UHFFFAOYSA-N
RF
0.366
ET
0.271
XGB
0.288
ELASTIC
0.379
SVR
0.28
winner ELASTIC

C18_negative|IK:ZWNLSRDFHQCTQW-UHFFFAOYSA-N
RF
0.409
ET
0.437
XGB
0.476
ELASTIC
0.312
SVR
0.084
winner XGB

C18_positive|NAME:
RF
0.355
ET
0.339
XGB
0.343
ELASTIC
0.329
SVR
0.34
winner RF

C18_negative|IK:KDYFGRWQOYBRFD-UHFFFAOYSA-N
RF
0.354
ET
0.255
XGB
0.302
ELASTIC
0.338
SVR
0.074
winner RF

C18_positive|IK:OVASVJPBDPJABT-UHFFFAOYSA-N
RF
0.344
ET
0.312
XGB
0.297
ELASTIC
0.265
SVR
0.055
winner RF

C18_negative|IK:CKEXCBVNKRHAMX-UHFFFAOYSA-N
RF
0.35
ET
0.271
XGB
0.289
ELASTIC
0.233
SVR
0.373
winner SVR

C18_negative|IK:OKVJCVWFVRATSG-UHFFFAOYSA-N
RF
0.271
ET
0.184
XGB
0.287
ELASTIC
0.33
SVR
0.027
winner ELASTIC

C18_positive|IK:WCGUUGGRBIKTOS-UHFFFAOYSA-N
RF
0.293
ET
0.246
XGB
0.253
ELASTIC
0.292
SVR
0.052
winner RF

HILICZ_negative|IK:QZZGJDVWLFXDLK-UHFFFAOYSA-N
RF
0.353
ET
0.225
XGB
0.238
ELASTIC
0.332
SVR
0.277
winner RF

C18_positive|IK:PUQSUZTXKPLAPR-UJPOAAIJSA-N
RF
0.281
ET
0.197
XGB
0.305
ELASTIC
0.396
SVR
0.178
winner ELASTIC

C18_positive|IK:LWYJCVVIVLBLID-UHFFFAOYSA-N
RF
0.312
ET
0.261
XGB
0.276
ELASTIC
0.293
SVR
0.254
winner RF

C18_negative|IK:BJRNKVDFDLYUGJ-RMPHRYRLSA-N
RF
0.341
ET
0.266
XGB
0.272
ELASTIC
0.275
SVR
0.249
winner RF

C18_negative|IK:UGAGPNKCDRTDHP-UHFFFAOYSA-N
RF
0.334
ET
0.333
XGB
0.301
ELASTIC
0.305
SVR
0.194
winner RF

{'mean_r2': 0.4084465939742973, 'median_r2': 0.38759750062135345, 'runtime_sec': 8590.537883520126}
